// Jest Snapshot v1, https://goo.gl/fbAQLP

exports[`should render Logo correctly 1`] = `"<div class=\\"logo\\"><img class=\\"logoImage\\" src=\\"face.png\\"/><div class=\\"name\\">JAMES MILES</div></div>"`;
