// Jest Snapshot v1, https://goo.gl/fbAQLP

exports[`should render Experience correctly 1`] = `"<div class=\\"root\\"><div class=\\"MuiTabs-root tabs MuiTabs-vertical\\"><div class=\\"MuiTabs-scroller MuiTabs-fixed\\" style=\\"overflow: hidden;\\"><div class=\\"MuiTabs-flexContainer MuiTabs-flexContainerVertical\\" role=\\"tablist\\"><button class=\\"MuiButtonBase-root MuiTab-root MuiTab-textColorInherit Mui-selected\\" tabindex=\\"0\\" type=\\"button\\" role=\\"tab\\" aria-selected=\\"true\\" id=\\"Shutterstock\\"><span class=\\"MuiTab-wrapper\\">Shutterstock</span><span class=\\"MuiTouchRipple-root\\"></span></button><button class=\\"MuiButtonBase-root MuiTab-root MuiTab-textColorInherit\\" tabindex=\\"-1\\" type=\\"button\\" role=\\"tab\\" aria-selected=\\"false\\" id=\\"DCU\\"><span class=\\"MuiTab-wrapper\\">Dublin City University</span><span class=\\"MuiTouchRipple-root\\"></span></button></div><span class=\\"PrivateTabIndicator-root-1 PrivateTabIndicator-colorSecondary-3 MuiTabs-indicator PrivateTabIndicator-vertical-4\\" style=\\"top: 0px; height: 0px;\\"></span></div></div><div role=\\"tabpanel\\" id=\\"vertical-tabpanel-0\\" aria-labelledby=\\"vertical-tab-0\\"><div class=\\"MuiBox-root MuiBox-root-5\\"><p class=\\"MuiTypography-root MuiTypography-body1\\"><div class=\\"tabContentContainer\\"><div class=\\"title\\">Software Engineer Intern @ <a class=\\"employerLink\\" href=\\"http://shutterstock.com/\\">Shutterstock</a></div><div class=\\"date\\">Apr 1 - 13 Sep 2019</div><ul class=\\"jobDetails\\"><li>Worked, using agile &amp; scrum methods, alongside a team developing an application which would provide a critical connectivity channel between stakeholders</li><li>Translated designs to high quality &amp; reusable React components</li><li>Collaborated with editors to gather feedback for iterative design</li><li>Deployed code which met company standards of 85% test coverage (via Jest) &amp; participated in peer code reviews for adherence to coding standards</li><li>Experienced developing back end services (Typescript)</li><li>Participated in a company hackathon</li><li>Utilised Javascript ES6, React, Redux, Node.js, Docker, RESTful APIs &amp; Git</li></ul></div></p></div></div><div role=\\"tabpanel\\" hidden=\\"\\" id=\\"vertical-tabpanel-1\\" aria-labelledby=\\"vertical-tab-1\\"></div></div>"`;
